x1= & x2= & ==> x5= & 
x1= & x3= & ==> x5= & 
x1= & x3= & ==> x5= & 
x1= & x3= & ==> x5= & 
x1= & x3= & ==> x5= & 
x1= & x3= & ==> x5= & 
x2= & x3= & ==> x5= & 
x2= & x3= & ==> x5= & 
x2= & x3= & ==> x5= & 
x2= & x3= & ==> x5= & 
x3= & x4= & ==> x5= & 
x3= & x4= & ==> x5= & 
x3= & x4= & ==> x5= & 
x3= & x4= & ==> x5= & 
x1= & x2= & x3= & ==> x5= & 
x1= & x2= & x3= & ==> x5= & 
x1= & x2= & x3= & ==> x5= & 
x1= & x2= & x3= & ==> x5= & 
x1= & x2= & x3= & ==> x5= & 
x1= & x2= & x3= & ==> x5= & 
x1= & x2= & x3= & ==> x5= & 
x1= & x2= & x3= & ==> x5= & 
x1= & x2= & x3= & ==> x5= & 
x1= & x2= & x3= & ==> x5= & 
x1= & x2= & x3= & ==> x5= & 
x1= & x2= & x3= & ==> x5= & 
x1= & x2= & x3= & ==> x5= & 
x1= & x2= & x3= & ==> x5= & 
x1= & x2= & x3= & ==> x5= & 
x1= & x2= & x3= & ==> x5= & 
x1= & x2= & x3= & ==> x5= & 
x1= & x2= & x3= & ==> x5= & 
x1= & x2= & x3= & ==> x5= & 
x1= & x2= & x3= & ==> x5= & 
x1= & x2= & x3= & ==> x5= & 
x1= & x2= & x3= & ==> x5= & 
x1= & x2= & x3= & ==> x5= & 
x1= & x2= & x3= & ==> x5= & 
x1= & x2= & x3= & ==> x5= & 
x1= & x2= & x3= & ==> x5= & 
x1= & x2= & x3= & ==> x5= & 
x1= & x2= & x3= & ==> x5= & 
x1= & x2= & x3= & ==> x5= & 
x1= & x2= & x3= & ==> x5= & 
x1= & x2= & x3= & ==> x5= & 
x1= & x2= & x3= & ==> x5= & 
x1= & x2= & x3= & ==> x5= & 
x1= & x2= & x3= & ==> x5= & 
x1= & x2= & x3= & ==> x5= & 
x1= & x2= & x3= & ==> x5= & 
x1= & x2= & x3= & ==> x5= & 
x1= & x2= & x3= & ==> x5= & 
x1= & x2= & x3= & ==> x5= & 
x1= & x2= & x3= & ==> x5= & 
x1= & x2= & x3= & ==> x5= & 
x1= & x2= & x3= & ==> x5= & 
x1= & x2= & x3= & ==> x5= & 
x1= & x2= & x3= & ==> x5= & 
x1= & x2= & x3= & ==> x5= & 
x1= & x2= & x3= & ==> x5= & 
x1= & x2= & x3= & ==> x5= & 
x1= & x2= & x3= & ==> x5= & 
x1= & x2= & x3= & ==> x5= & 
x1= & x2= & x3= & ==> x5= & 
x1= & x2= & x3= & ==> x5= & 
x1= & x2= & x3= & ==> x5= & 
x1= & x2= & x3= & ==> x5= & 
x1= & x2= & x4= & ==> x5= & 
x1= & x2= & x4= & ==> x5= & 
x1= & x2= & x4= & ==> x5= & 
x1= & x2= & x4= & ==> x5= & 
x1= & x2= & x4= & ==> x5= & 
x1= & x2= & x4= & ==> x5= & 
x1= & x2= & x4= & ==> x5= & 
x1= & x2= & x4= & ==> x5= & 
x1= & x2= & x4= & ==> x5= & 
x1= & x2= & x4= & ==> x5= & 
x1= & x2= & x4= & ==> x5= & 
x1= & x2= & x4= & ==> x5= & 
x1= & x2= & x4= & ==> x5= & 
x1= & x2= & x4= & ==> x5= & 
x1= & x2= & x4= & ==> x5= & 
x1= & x2= & x4= & ==> x5= & 
x1= & x2= & x4= & ==> x5= & 
x1= & x2= & x4= & ==> x5= & 
x1= & x2= & x4= & ==> x5= & 
x1= & x2= & x4= & ==> x5= & 
x1= & x2= & x4= & ==> x5= & 
x1= & x2= & x4= & ==> x5= & 
x1= & x2= & x4= & ==> x5= & 
x1= & x2= & x4= & ==> x5= & 
x1= & x2= & x4= & ==> x5= & 
x1= & x2= & x4= & ==> x5= & 
x1= & x2= & x4= & ==> x5= & 
x1= & x2= & x4= & ==> x5= & 
x1= & x3= & x4= & ==> x5= & 
x1= & x3= & x4= & ==> x5= & 
x1= & x3= & x4= & ==> x5= & 
x1= & x3= & x4= & ==> x5= & 
x1= & x3= & x4= & ==> x5= & 
x1= & x3= & x4= & ==> x5= & 
x1= & x3= & x4= & ==> x5= & 
x1= & x3= & x4= & ==> x5= & 
x1= & x3= & x4= & ==> x5= & 
x1= & x3= & x4= & ==> x5= & 
x1= & x3= & x4= & ==> x5= & 
x1= & x3= & x4= & ==> x5= & 
x1= & x3= & x4= & ==> x5= & 
x1= & x3= & x4= & ==> x5= & 

rules count: 109
coverd rate: 1.0
rules mean length: 3.0142857142857142
