x1= & x2= & ==> x6= & 
x2= & x3= & ==> x6= & 
x2= & x3= & ==> x6= & 
x2= & x3= & ==> x6= & 
x2= & x3= & ==> x6= & 
x2= & x3= & ==> x6= & 
x2= & x3= & ==> x6= & 
x2= & x3= & ==> x6= & 
x2= & x3= & ==> x6= & 
x2= & x3= & ==> x6= & 
x2= & x3= & ==> x6= & 
x2= & x3= & ==> x6= & 
x2= & x3= & ==> x6= & 
x2= & x3= & ==> x6= & 
x2= & x3= & ==> x6= & 
x2= & x3= & ==> x6= & 
x2= & x3= & ==> x6= & 
x2= & x3= & ==> x6= & 
x2= & x3= & ==> x6= & 
x2= & x3= & ==> x6= & 
x2= & x4= & ==> x6= & 
x2= & x4= & ==> x6= & 
x2= & x4= & ==> x6= & 
x2= & x4= & ==> x6= & 
x2= & x4= & ==> x6= & 
x2= & x4= & ==> x6= & 
x2= & x4= & ==> x6= & 
x2= & x4= & ==> x6= & 
x2= & x4= & ==> x6= & 
x2= & x4= & ==> x6= & 
x2= & x4= & ==> x6= & 
x2= & x4= & ==> x6= & 
x2= & x4= & ==> x6= & 
x2= & x5= & ==> x6= & 
x2= & x5= & ==> x6= & 
x2= & x5= & ==> x6= & 
x2= & x5= & ==> x6= & 
x2= & x5= & ==> x6= & 
x2= & x5= & ==> x6= & 
x2= & x5= & ==> x6= & 
x2= & x5= & ==> x6= & 
x2= & x5= & ==> x6= & 
x2= & x5= & ==> x6= & 
x2= & x5= & ==> x6= & 
x2= & x5= & ==> x6= & 
x2= & x5= & ==> x6= & 
x2= & x5= & ==> x6= & 
x2= & x5= & ==> x6= & 
x2= & x5= & ==> x6= & 
x2= & x5= & ==> x6= & 
x2= & x5= & ==> x6= & 
x2= & x5= & ==> x6= & 
x2= & x5= & ==> x6= & 
x2= & x5= & ==> x6= & 
x2= & x5= & ==> x6= & 
x3= & x4= & ==> x6= & 
x3= & x4= & ==> x6= & 
x3= & x4= & ==> x6= & 
x3= & x4= & ==> x6= & 
x3= & x4= & ==> x6= & 
x3= & x4= & ==> x6= & 
x3= & x4= & ==> x6= & 
x3= & x4= & ==> x6= & 
x3= & x4= & ==> x6= & 
x3= & x4= & ==> x6= & 
x3= & x4= & ==> x6= & 
x3= & x5= & ==> x6= & 
x3= & x5= & ==> x6= & 
x3= & x5= & ==> x6= & 
x3= & x5= & ==> x6= & 
x3= & x5= & ==> x6= & 
x3= & x5= & ==> x6= & 
x3= & x5= & ==> x6= & 
x3= & x5= & ==> x6= & 
x3= & x5= & ==> x6= & 
x4= & x5= & ==> x6= & 
x4= & x5= & ==> x6= & 
x4= & x5= & ==> x6= & 
x4= & x5= & ==> x6= & 
x4= & x5= & ==> x6= & 
x4= & x5= & ==> x6= & 
x4= & x5= & ==> x6= & 
x4= & x5= & ==> x6= & 
x1= & x2= & x3= & ==> x6= & 
x1= & x2= & x3= & ==> x6= & 
x1= & x2= & x3= & ==> x6= & 
x1= & x2= & x3= & ==> x6= & 
x1= & x2= & x3= & ==> x6= & 
x1= & x2= & x3= & ==> x6= & 
x1= & x2= & x3= & ==> x6= & 
x1= & x2= & x3= & ==> x6= & 
x1= & x2= & x3= & ==> x6= & 
x1= & x2= & x3= & ==> x6= & 
x1= & x2= & x3= & ==> x6= & 
x1= & x2= & x4= & ==> x6= & 
x1= & x2= & x4= & ==> x6= & 
x1= & x2= & x4= & ==> x6= & 
x1= & x2= & x4= & ==> x6= & 
x1= & x2= & x4= & ==> x6= & 
x1= & x2= & x4= & ==> x6= & 
x1= & x2= & x4= & ==> x6= & 
x1= & x2= & x4= & ==> x6= & 
x1= & x2= & x4= & ==> x6= & 
x1= & x2= & x4= & ==> x6= & 
x1= & x2= & x4= & ==> x6= & 
x1= & x2= & x4= & ==> x6= & 
x1= & x2= & x4= & ==> x6= & 
x1= & x2= & x4= & ==> x6= & 
x1= & x2= & x4= & ==> x6= & 
x1= & x2= & x4= & ==> x6= & 
x1= & x2= & x5= & ==> x6= & 
x1= & x2= & x5= & ==> x6= & 
x1= & x2= & x5= & ==> x6= & 
x1= & x2= & x5= & ==> x6= & 
x1= & x2= & x5= & ==> x6= & 
x1= & x2= & x5= & ==> x6= & 
x1= & x2= & x5= & ==> x6= & 
x1= & x2= & x5= & ==> x6= & 
x1= & x2= & x5= & ==> x6= & 
x1= & x2= & x5= & ==> x6= & 
x1= & x3= & x4= & ==> x6= & 
x1= & x3= & x4= & ==> x6= & 
x1= & x3= & x5= & ==> x6= & 
x1= & x3= & x5= & ==> x6= & 
x1= & x3= & x5= & ==> x6= & 
x1= & x3= & x5= & ==> x6= & 
x1= & x3= & x5= & ==> x6= & 
x1= & x4= & x5= & ==> x6= & 
x2= & x3= & x4= & ==> x6= & 
x2= & x3= & x4= & ==> x6= & 
x2= & x3= & x4= & ==> x6= & 
x2= & x3= & x4= & ==> x6= & 
x2= & x3= & x4= & ==> x6= & 
x2= & x3= & x4= & ==> x6= & 
x2= & x3= & x4= & ==> x6= & 
x2= & x3= & x4= & ==> x6= & 
x2= & x3= & x4= & ==> x6= & 
x2= & x3= & x4= & ==> x6= & 
x2= & x3= & x4= & ==> x6= & 
x2= & x3= & x4= & ==> x6= & 
x2= & x3= & x4= & ==> x6= & 
x2= & x3= & x4= & ==> x6= & 
x2= & x3= & x4= & ==> x6= & 
x2= & x3= & x4= & ==> x6= & 
x2= & x3= & x4= & ==> x6= & 
x2= & x3= & x4= & ==> x6= & 
x2= & x3= & x4= & ==> x6= & 
x2= & x3= & x4= & ==> x6= & 
x2= & x3= & x4= & ==> x6= & 
x2= & x3= & x4= & ==> x6= & 
x2= & x3= & x4= & ==> x6= & 
x2= & x3= & x4= & ==> x6= & 
x2= & x3= & x4= & ==> x6= & 
x2= & x3= & x4= & ==> x6= & 
x2= & x3= & x4= & ==> x6= & 
x2= & x3= & x4= & ==> x6= & 
x2= & x3= & x4= & ==> x6= & 
x2= & x3= & x4= & ==> x6= & 
x2= & x3= & x4= & ==> x6= & 
x2= & x3= & x4= & ==> x6= & 
x2= & x3= & x4= & ==> x6= & 
x2= & x3= & x4= & ==> x6= & 
x2= & x3= & x4= & ==> x6= & 
x2= & x3= & x4= & ==> x6= & 
x2= & x3= & x4= & ==> x6= & 
x2= & x3= & x4= & ==> x6= & 
x2= & x3= & x4= & ==> x6= & 
x2= & x3= & x4= & ==> x6= & 
x2= & x3= & x4= & ==> x6= & 
x2= & x3= & x4= & ==> x6= & 
x2= & x3= & x5= & ==> x6= & 
x2= & x3= & x5= & ==> x6= & 
x2= & x3= & x5= & ==> x6= & 
x2= & x3= & x5= & ==> x6= & 
x2= & x3= & x5= & ==> x6= & 
x2= & x3= & x5= & ==> x6= & 
x2= & x3= & x5= & ==> x6= & 
x2= & x3= & x5= & ==> x6= & 
x2= & x3= & x5= & ==> x6= & 
x2= & x3= & x5= & ==> x6= & 
x2= & x3= & x5= & ==> x6= & 
x2= & x3= & x5= & ==> x6= & 
x2= & x3= & x5= & ==> x6= & 
x2= & x3= & x5= & ==> x6= & 
x2= & x3= & x5= & ==> x6= & 
x2= & x3= & x5= & ==> x6= & 
x2= & x3= & x5= & ==> x6= & 
x2= & x3= & x5= & ==> x6= & 
x2= & x3= & x5= & ==> x6= & 
x2= & x3= & x5= & ==> x6= & 
x2= & x3= & x5= & ==> x6= & 
x2= & x3= & x5= & ==> x6= & 
x2= & x3= & x5= & ==> x6= & 
x2= & x3= & x5= & ==> x6= & 
x2= & x3= & x5= & ==> x6= & 
x2= & x3= & x5= & ==> x6= & 
x2= & x3= & x5= & ==> x6= & 
x2= & x3= & x5= & ==> x6= & 
x2= & x3= & x5= & ==> x6= & 
x2= & x3= & x5= & ==> x6= & 
x2= & x4= & x5= & ==> x6= & 
x2= & x4= & x5= & ==> x6= & 
x2= & x4= & x5= & ==> x6= & 
x2= & x4= & x5= & ==> x6= & 
x2= & x4= & x5= & ==> x6= & 
x2= & x4= & x5= & ==> x6= & 
x2= & x4= & x5= & ==> x6= & 
x2= & x4= & x5= & ==> x6= & 
x2= & x4= & x5= & ==> x6= & 
x2= & x4= & x5= & ==> x6= & 

rules count: 210
coverd rate: 1.0
rules mean length: 3.5373831775700935
